---
source: crates/compiler-core/tests/compile.rs
expression: code
---
import { renderList as _renderList, Fragment as _Fragment, openBlock as _openBlock, createElementBlock as _createElementBlock, toDisplayString as _toDisplayString, createElementVNode as _createElementVNode, createCommentVNode as _createCommentVNode, normalizeClass as _normalizeClass } from "vue"

export function render(_ctx, _cache) {
  return _createElementVNode("div", {
    id: "foo",
    class: _normalizeClass(bar.baz)
  }, [
    _toDisplayString(world.burn()),
    " ",
    ok
      ? (_openBlock(), _createElementBlock("div", null, "yes"))
      : (_openBlock(), _createElementBlock(Fragment, { key: 1 }, [
          "no"
        ], 64)),
    (_openBlock(), _createElementBlock(Fragment, _renderList(list, (value, index) => {
      return _createElementVNode("div", null, [
        _createElementVNode("span", null, _toDisplayString(value + index))
      ])
    }), 256))
  ], 2)
}
