---
source: crates/compiler-core/tests/compile.rs
expression: code
---
import { toDisplayString as _toDisplayString, Fragment as _Fragment, openBlock as _openBlock, createElementBlock as _createElementBlock, createCommentVNode as _createCommentVNode, createElementVNode as _createElementVNode, normalizeClass as _normalizeClass } from "vue"

export function render(_ctx, _cache) {
  return _createElementVNode("div", {
    id: "foo",
    class: _normalizeClass(bar.baz)
  }, [
    _toDisplayString(world.burn()),
    " ",
    ok
      ? (_openBlock(), _createElementBlock(Fragment, { key: 0 }, [
          
        ], 64))
      : (_openBlock(), _createElementBlock(Fragment, { key: 1 }, [
          "no"
        ], 64)),
    ,
    _createElementVNode("div", null, [
      _createElementVNode("span", null, _toDisplayString(value + index))
    ])
  ], 2)
}
